
> vite_react_shadcn_ts@0.0.0 build
> vite build

[36mvite v7.2.6 [32mbuilding client environment for production...[36m[39m
transforming...
node.exe : 
Browserslist: 
browsers data 
(caniuse-lite) is 8 
months old. Please 
run:
No C:\Program Files\no
dejs\npm.ps1:29 
caractere:3
+   & $NODE_EXE 
$NPM_CLI_JS $args
+   ~~~~~~~~~~~~~~~~~~
~~~~~~~~~~~
    + CategoryInfo    
          : 
NotSpecified: (Bro    
wserslist: b...ld. 
Ple    ase 
run::String) [], R    
emoteException
    + 
FullyQualifiedErrorI  
  d : 
NativeCommandError
 
  npx update-browsersl
ist-db@latest
  Why you should do 
it regularly: https://
github.com/browserslis
t/update-db#readme
[32mÔ£ô[39m 3694 modules transformed.
rendering chunks...
computing gzip size...
[2mdist/[22m[32mindex.html                            [39m[1m[2m  1.75 kB[22m[1m[22m[2m Ôöé gzip:   0.63 kB[22m
[2mdist/[22m[35massets/index-WqhyrKoN.css             [39m[1m[2m107.41 kB[22m[1m[22m[2m Ôöé gzip:  17.52 kB[22m
[2mdist/[22m[36massets/vendor-validation-DhuwgP15.js  [39m[1m[2m 60.25 kB[22m[1m[22m[2m Ôöé gzip:  14.05 kB[22m
[2mdist/[22m[36massets/vendor-xlsx-B9uWSxIV.js        [39m[1m[2m329.86 kB[22m[1m[22m[2m Ôöé gzip: 107.85 kB[22m
[2mdist/[22m[36massets/vendor-pdf-ClZgpAqM.js         [39m[1m[2m368.51 kB[22m[1m[22m[2m Ôöé gzip: 119.46 kB[22m
[2mdist/[22m[36massets/vendor-react-core-BgvCTmnu.js  [39m[1m[2m693.63 kB[22m[1m[22m[2m Ôöé gzip: 196.36 kB[22m
[2mdist/[22m[36massets/vendor-CfBgBV7y.js             [39m[1m[2m807.69 kB[22m[1m[22m[2m Ôöé gzip: 254.70 kB[22m
[2mdist/[22m[36massets/index-DOMO_196.js              [39m[1m[2m989.03 kB[22m[1m[22m[2m Ôöé gzip: 210.69 kB[22m
[32mÔ£ô built in 19.12s[39m
